// Jest Snapshot v1, https://goo.gl/fbAQLP

exports[`components/<MessageInput /> Should render 1`] = `
ShallowWrapper {
  "complexSelector": ComplexSelector {
    "buildPredicate": [Function],
    "childrenOfNode": [Function],
    "findWhereUnwrapped": [Function],
  },
  "length": 1,
  "node": <input
    className=""
    onChange={[Function]}
    onKeyDown={[Function]}
    placeholder=""
    value=""
/>,
  "nodes": Array [
    <input
      className=""
      onChange={[Function]}
      onKeyDown={[Function]}
      placeholder=""
      value=""
/>,
  ],
  "options": Object {},
  "renderer": ReactShallowRenderer {
    "_instance": ShallowComponentWrapper {
      "_calledComponentWillUnmount": false,
      "_compositeType": 1,
      "_context": Object {},
      "_currentElement": <MessageInput
        className=""
        existingValue=""
        onCancel={[Function]}
        onDelete={[Function]}
        onSave={[Function]}
        placeholder=""
/>,
      "_debugID": 1,
      "_hostContainerInfo": null,
      "_hostParent": null,
      "_instance": MessageInput {
        "_commitChanges": [Function],
        "_onChange": [Function],
        "_onKeyDown": [Function],
        "_reactInternalInstance": [Circular],
        "context": Object {},
        "props": Object {
          "className": "",
          "existingValue": "",
          "onCancel": [Function],
          "onDelete": [Function],
          "onSave": [Function],
          "placeholder": "",
        },
        "refs": Object {},
        "state": Object {
          "isEditing": false,
          "text": "",
        },
        "updater": Object {
          "enqueueCallback": [Function],
          "enqueueCallbackInternal": [Function],
          "enqueueElementInternal": [Function],
          "enqueueForceUpdate": [Function],
          "enqueueReplaceState": [Function],
          "enqueueSetState": [Function],
          "isMounted": [Function],
          "validateCallback": [Function],
        },
      },
      "_mountOrder": 1,
      "_pendingCallbacks": null,
      "_pendingElement": null,
      "_pendingForceUpdate": false,
      "_pendingReplaceState": false,
      "_pendingStateQueue": null,
      "_renderedComponent": NoopInternalComponent {
        "_currentElement": <input
          className=""
          onChange={[Function]}
          onKeyDown={[Function]}
          placeholder=""
          value=""
/>,
        "_debugID": 2,
        "_renderedOutput": <input
          className=""
          onChange={[Function]}
          onKeyDown={[Function]}
          placeholder=""
          value=""
/>,
      },
      "_renderedNodeType": 0,
      "_rootNodeID": 0,
      "_topLevelWrapper": null,
      "_updateBatchNumber": null,
      "_warnedAboutRefsInRender": false,
    },
    "getRenderOutput": [Function],
    "render": [Function],
  },
  "root": [Circular],
  "unrendered": <MessageInput
    className=""
    existingValue=""
    onCancel={[Function]}
    onDelete={[Function]}
    onSave={[Function]}
    placeholder=""
/>,
}
`;
